============================================================
Job started at: 2026年  4月 24日 金曜日 18:05:46 JST
Host          : pc050
Project root  : /home/xzy0723/projects/trajectory
SCGPT repo    : /home/xzy0723/projects/scGPT
Method        : scnode
Scenario      : A full-cell HVG2000 reduced-training
Source adata  : benchmark/results/scgpt/full/adata_scgpt_annotated.h5ad
HVG adata     : benchmark/results/scnode/hvg_inputs/adata_scnode_full_A_hvg2000.h5ad
Base config   : benchmark/configs/scnode_gse230659_observed_scgpt_v1.yaml
HVG config    : benchmark/configs/scnode_gse230659_observed_scgpt_v1_full_hvg2000_reduced.yaml
Output dir    : benchmark/results/scnode/scenario_A_scgpt_v1_full_hvg2000_reduced
Job ID        : 121406007
============================================================
Python        : /home/xzy0723/miniconda3/envs/traj_env/bin/python
Python 3.10.20
<stdin>:8: FutureWarning: `__version__` is deprecated, use `importlib.metadata.version('scanpy')` instead
imports OK
anndata  : 0.11.4
scanpy   : 1.11.5
scipy    : 1.15.3
torch    : 2.11.0+cu130
torchdiffeq import OK
------------------------------------------------------------
Building/reusing full-cell HVG2000 adata
------------------------------------------------------------
reuse existing HVG adata: /home/xzy0723/projects/trajectory/benchmark/results/scnode/hvg_inputs/adata_scnode_full_A_hvg2000.h5ad
HVG adata shape=(75194, 2000)
final HVG adata shape=(75194, 2000)
timepoints: [np.float64(0.5), np.float64(2.0), np.float64(4.0), np.float64(8.0), np.float64(12.0), np.float64(16.0), np.float64(16.33), np.float64(16.67), np.float64(17.0), np.float64(18.0), np.float64(20.0), np.float64(22.0), np.float64(24.0), np.float64(28.0), np.float64(30.0)]
states: 14
wrote HVG reduced config: /home/xzy0723/projects/trajectory/benchmark/configs/scnode_gse230659_observed_scgpt_v1_full_hvg2000_reduced.yaml
------------------------------------------------------------
Running command:
 python -m benchmark.evaluation.eval_dispatch --method scnode --scenario A --adata benchmark/results/scnode/hvg_inputs/adata_scnode_full_A_hvg2000.h5ad --output-dir benchmark/results/scnode/scenario_A_scgpt_v1_full_hvg2000_reduced --method-config benchmark/configs/scnode_gse230659_observed_scgpt_v1_full_hvg2000_reduced.yaml
------------------------------------------------------------
/home/xzy0723/miniconda3/envs/traj_env/lib/python3.10/site-packages/sklearn/linear_model/_logistic.py:473: ConvergenceWarning: lbfgs failed to converge after 500 iteration(s) (status=1):
STOP: TOTAL NO. OF ITERATIONS REACHED LIMIT

Increase the number of iterations to improve the convergence (max_iter=500).
You might also want to scale the data as shown in:
    https://scikit-learn.org/stable/modules/preprocessing.html
Please also refer to the documentation for alternative solver options:
    https://scikit-learn.org/stable/modules/linear_model.html#logistic-regression
  n_iter_i = _check_optimize_result(

============================================================
Method       : scnode
Scenario     : A
Eligible for : ['lineage_fidelity', 'forecast_accuracy', 'embedding_coherence']
============================================================
[dispatch] Running Lineage Fidelity ...
  [data] tp=0.50: 6217 cells
  [data] tp=2.00: 4168 cells
  [data] tp=4.00: 522 cells
  [data] tp=8.00: 5385 cells
  [data] tp=12.00: 5985 cells
  [data] tp=16.00: 5614 cells
  [data] tp=16.33: 6165 cells
  [data] tp=16.67: 2827 cells
  [data] tp=17.00: 4869 cells
  [data] tp=18.00: 6953 cells
  [data] tp=20.00: 4481 cells
  [data] tp=22.00: 3416 cells
  [data] tp=24.00: 4206 cells
  [data] tp=28.00: 5244 cells
  [data] tp=30.00: 9142 cells
[ScNODEAdapter] n_genes=2000, n_sim_cells=1000, train_times=all, heldout_times=[]
[scNODE] Loading cached model from benchmark/results/scnode/scenario_A_scgpt_v1_full_hvg2000_reduced/trained_scnode_model.pth
[Forecast] Predicting from t0=0.5 across 15 tps (train=15, heldout=0, n_sim_cells=1000) ...
  [Forecast] t=0.50: Wasserstein=278973.9424 L2=954.7199
  [Forecast] t=2.00: Wasserstein=375813.3129 L2=1070.7671
  [Forecast] t=4.00: Wasserstein=1197473.7330 L2=1664.4741
  [Forecast] t=8.00: Wasserstein=217212.7234 L2=890.6399
  [Forecast] t=12.00: Wasserstein=124079.0629 L2=717.2382
  [Forecast] t=16.00: Wasserstein=98928.8713 L2=688.0592
  [Forecast] t=16.33: Wasserstein=92210.4874 L2=651.5234
  [Forecast] t=16.67: Wasserstein=98699.6071 L2=705.6528
  [Forecast] t=17.00: Wasserstein=99307.8170 L2=642.1409
  [Forecast] t=18.00: Wasserstein=149346.6406 L2=602.5449
  [Forecast] t=20.00: Wasserstein=157383.0087 L2=675.5341
  [Forecast] t=22.00: Wasserstein=266786.9381 L2=908.7404
  [Forecast] t=24.00: Wasserstein=478866.6538 L2=1041.1096
  [Forecast] t=28.00: Wasserstein=741623.0861 L2=1256.6586
  [Forecast] t=30.00: Wasserstein=108784.8059 L2=645.4201
[Forecast] Done. Mean Wasserstein=299032.7127104885
[Embedding] Computed centroids for 14 states.
[Embedding] projected_embedding.npy shape: (15000, 50)
[Lineage] 14 states, 15 training tps
[Lineage] Computing state centroids ...
  [Lineage] 0.50 鈫?2.00: 6217 cells
  [Lineage] 2.00 鈫?4.00: 4168 cells
  [Lineage] 4.00 鈫?8.00: 522 cells
  [Lineage] 8.00 鈫?12.00: 5385 cells
  [Lineage] 12.00 鈫?16.00: 5985 cells
  [Lineage] 16.00 鈫?16.33: 5614 cells
  [Lineage] 16.33 鈫?16.67: 6165 cells
  [Lineage] 16.67 鈫?17.00: 2827 cells
  [Lineage] 17.00 鈫?18.00: 4869 cells
  [Lineage] 18.00 鈫?20.00: 6953 cells
  [Lineage] 20.00 鈫?22.00: 4481 cells
  [Lineage] 22.00 鈫?24.00: 3416 cells
  [Lineage] 24.00 鈫?28.00: 4206 cells
  [Lineage] 28.00 鈫?30.00: 5244 cells
[Lineage] STM written  (14脳14): benchmark/results/scnode/scenario_A_scgpt_v1_full_hvg2000_reduced/state_transition_matrix.csv
[Lineage] Edges written (196 edges): benchmark/results/scnode/scenario_A_scgpt_v1_full_hvg2000_reduced/lineage_graph_edges.csv
[dispatch] Lineage Fidelity outputs: {'state_transition_matrix': 'benchmark/results/scnode/scenario_A_scgpt_v1_full_hvg2000_reduced/state_transition_matrix.csv', 'lineage_graph_edges': 'benchmark/results/scnode/scenario_A_scgpt_v1_full_hvg2000_reduced/lineage_graph_edges.csv'}
[eval_lineage] Reference graph loaded: 14 nodes, 31 edges (mode='medium_and_above')
[eval_lineage] Metrics written to benchmark/results/scnode/scenario_A_scgpt_v1_full_hvg2000_reduced/lineage_metrics.json
[dispatch] Running Forecast Accuracy ...
[dispatch] Forecast metrics already produced by adapter; using benchmark/results/scnode/scenario_A_scgpt_v1_full_hvg2000_reduced/forecast_metrics.json
[dispatch] Running Embedding Coherence ...
[dispatch] Embedding metrics already produced by adapter; using benchmark/results/scnode/scenario_A_scgpt_v1_full_hvg2000_reduced/embedding_metrics.json

[dispatch] Run complete for scnode / A.

real	7m43.228s
user	347m7.816s
sys	6m32.797s
------------------------------------------------------------
Output check
------------------------------------------------------------
output_dir: /home/xzy0723/projects/trajectory/benchmark/results/scnode/scenario_A_scgpt_v1_full_hvg2000_reduced
missing: []

== run_metadata.json ==
{
  "method": "scnode",
  "dataset": "GSE230659",
  "scenario": "A",
  "capability_flags": {
    "supports_unseen_timepoint_projection": true,
    "supports_lineage_inference": true
  },
  "dimensions_executed": [
    "forecast_accuracy",
    "embedding_coherence",
    "lineage_fidelity"
  ],
  "runtime_seconds": 414.41,
  "status": "completed",
  "time_key": "abs_day",
  "cell_state_key": "scgpt_pseudostate_provisional",
  "train_times": "all",
  "heldout_times": [],
  "n_sim_cells": 1000,
  "notes": "",
  "ground_truth": {
    "provider_id": "scgpt_v1",
    "state_key": "scgpt_pseudostate_provisional",
    "label_path": "benchmark/ground_truth/providers/scgpt_v1/state_labels.tsv",
    "metadata_path": "benchmark/ground_truth/providers/scgpt_v1/state_metadata.tsv",
    "reference_graph_path": "benchmark/ground_truth/providers/scgpt_v1/reference_graph.json",
    "reference_edges_path": "benchmark/ground_truth/providers/scgpt_v1/reference_graph_edges.csv",
    "confidence_mode": "medium_and_above",
    "exclude_uncertain_states": false,
    "status": "silver_standard_working",
    "n_states": 14,
    "n_graph_edges": 42,
    "source_h5ad": "benchmark/results/scgpt/full/adata_scgpt_annotated.h5ad",
    "annotation_method": "scGPT",
    "notes": "Working v1 silver-standard state system derived from scGPT embeddings and consecutive-timepoint kNN transition counting. This is not final biological ground truth; it is the current frozen benchmark provider.\n"
  }
}

== forecast_metrics.json ==
{
  "wasserstein_distance": 299032.7127104885,
  "gaussian_mmd": null,
  "energy_distance_mmd": null,
  "hausdorff_loss": null,
  "n_eval_timepoints": 15,
  "eval_timepoints": [
    0.5,
    2.0,
    4.0,
    8.0,
    12.0,
    16.0,
    16.33,
    16.67,
    17.0,
    18.0,
    20.0,
    22.0,
    24.0,
    28.0,
    30.0
  ],
  "scenario_type": "reconstruction",
  "status": "completed"
}

== embedding_metrics.json ==
{
  "adjusted_rand_index": 0.022127025393236913,
  "avg_normalized_classifier_entropy": 0.18090230468188281,
  "projected_latent_dim": 50,
  "n_eval_timepoints": 15,
  "eval_timepoints": [
    0.5,
    2.0,
    4.0,
    8.0,
    12.0,
    16.0,
    16.33,
    16.67,
    17.0,
    18.0,
    20.0,
    22.0,
    24.0,
    28.0,
    30.0
  ],
  "status": "completed",
  "ari_reference": "nearest observed cell at the same evaluation timepoint in scNODE VAE latent space",
  "entropy_reference": "balanced logistic regression trained on observed scNODE VAE latent embeddings and provider state labels"
}

== lineage_metrics.json ==
{
  "auroc": 0.6320625610948192,
  "auprc": 0.2624069176114608,
  "jaccard_similarity": 0.15816326530612246,
  "jaccard_similarity_topk": 0.16981132075471697,
  "single_step_recovery": 0.25806451612903225,
  "multi_step_recovery": 0.36538461538461536,
  "baseline": {
    "auroc": 0.6736070381231671,
    "auprc": 0.23363361713523634,
    "jaccard_similarity": 0.26,
    "single_step_recovery": 0.2903225806451613,
    "multi_step_recovery": 0.28846153846153844,
    "method": "correlation_baseline",
    "cell_state_key": "scgpt_pseudostate_provisional",
    "n_states_used": 14,
    "n_predicted_edges_topk": 32,
    "note": "Per-state mean-expression Pearson correlation (symmetric), top-31 off-diagonal entries as predicted lineage edges."
  },
  "status": "completed",
  "edge_confidence_mode": "medium_and_above",
  "n_reference_edges": 31,
  "cell_state_key": "scgpt_pseudostate_provisional",
  "ground_truth": {
    "provider_id": "scgpt_v1",
    "state_key": "scgpt_pseudostate_provisional",
    "label_path": "benchmark/ground_truth/providers/scgpt_v1/state_labels.tsv",
    "metadata_path": "benchmark/ground_truth/providers/scgpt_v1/state_metadata.tsv",
    "reference_graph_path": "benchmark/ground_truth/providers/scgpt_v1/reference_graph.json",
    "reference_edges_path": "benchmark/ground_truth/providers/scgpt_v1/reference_graph_edges.csv",
    "confidence_mode": "medium_and_above",
    "exclude_uncertain_states": false,
    "status": "silver_standard_working",
    "n_states": 14,
    "n_graph_edges": 42,
    "source_h5ad": "benchmark/results/scgpt/full/adata_scgpt_annotated.h5ad",
    "annotation_method": "scGPT",
    "notes": "Working v1 silver-standard state system derived from scGPT embeddings and consecutive-timepoint kNN transition counting. This is not final biological ground truth; it is the current frozen benchmark provider.\n"
  }
}
============================================================
Job finished at: 2026年  4月 24日 金曜日 18:17:26 JST
============================================================
