============================================================
Job started at: 2026年  4月 22日 水曜日 21:48:18 JST
Host          : pc008
Job ID        : 121320223
Task ID       : 1
Project root  : /home/xzy0723/projects/trajectory
SCGPT repo    : /home/xzy0723/projects/scGPT
Method        : cellrank2
Scenario      : B
ADATA         : benchmark/results/scgpt/full/adata_scgpt_annotated.h5ad
Method config : benchmark/configs/cellrank2_gse230659_observed_scgpt_v1_scenarioB.yaml
Output dir    : benchmark/results/cellrank2/scenario_B_scgpt_v1_shirokane_test
============================================================
Python        : /home/xzy0723/miniconda3/envs/traj_env/bin/python
Python 3.10.20
imports OK
anndata : 0.11.4
scanpy  : 1.11.5
cellrank: 2.0.7
scvelo  : 0.3.4
------------------------------------------------------------
Running command:
 python -m benchmark.evaluation.eval_dispatch --method cellrank2 --scenario B --adata benchmark/results/scgpt/full/adata_scgpt_annotated.h5ad --output-dir benchmark/results/cellrank2/scenario_B_scgpt_v1_shirokane_test --method-config benchmark/configs/cellrank2_gse230659_observed_scgpt_v1_scenarioB.yaml
------------------------------------------------------------

============================================================
Method       : cellrank2
Scenario     : B
Eligible for : ['lineage_fidelity']
============================================================
[dispatch] Running Lineage Fidelity ...
[CellRank2Adapter] scenario_params.train_times applied: 75194 → 27891 cells (dropped 47303). train_times=[0.5, 2.0, 4.0, 8.0, 12.0, 16.0]
[CellRank2Adapter] Integer time-code mapping ('abs_day' → 'abs_day_cr_code'):
  0.5 -> 50
  2.0 -> 200
  4.0 -> 400
  8.0 -> 800
  12.0 -> 1200
  16.0 -> 1600
[CellRank2Adapter] Building WOT transport maps (day_field='abs_day_cr_code', epsilon=0.05) ...
[CellRank2Adapter] Timepoints (integer codes): [50, 200, 400, 800, 1200, 1600]
[CellRank2Adapter] Transport maps computed (5 consecutive pairs). Coupling files in: benchmark/results/cellrank2/scenario_B_scgpt_v1_shirokane_test/tmaps_cr2
[CellRank2Adapter] CellRank time key 'abs_day_cr_code' set to ordered categorical: [50, 200, 400, 800, 1200, 1600]
[CellRank2Adapter] Building RealTimeKernel from coupling dir PosixPath('benchmark/results/cellrank2/scenario_B_scgpt_v1_shirokane_test/tmaps_cr2') ...
  0%|          | 0/5 [00:00<?, ?time pair/s]100%|██████████| 5/5 [00:00<00:00, 104857.60time pair/s]
/home/xzy0723/miniconda3/envs/traj_env/lib/python3.10/site-packages/scanpy/neighbors/__init__.py:577: UserWarning: You’re trying to run this on 23112 dimensions of `.X`, if you really want this, set `use_rep='X'`.
         Falling back to preprocessing with `sc.pp.pca` and default params.
  x = _choose_representation(self._adata, use_rep=use_rep, n_pcs=n_pcs)
[CellRank2Adapter] Cell-level transition matrix shape: (27891, 27891)
[CellRank2Adapter] Aggregating to state level (cell_state_key='scgpt_pseudostate_provisional') ...
[CellRank2Adapter] State-transition matrix: 14 states × 14 states, 170 nonzero edges.
[CellRank2Adapter] Done. Outputs written to benchmark/results/cellrank2/scenario_B_scgpt_v1_shirokane_test
[dispatch] Lineage Fidelity outputs: {'state_transition_matrix': 'benchmark/results/cellrank2/scenario_B_scgpt_v1_shirokane_test/state_transition_matrix.csv', 'lineage_graph_edges': 'benchmark/results/cellrank2/scenario_B_scgpt_v1_shirokane_test/lineage_graph_edges.csv'}
[eval_lineage] Reference graph loaded: 14 nodes, 31 edges (mode='medium_and_above')
[eval_lineage] Metrics written to benchmark/results/cellrank2/scenario_B_scgpt_v1_shirokane_test/lineage_metrics.json
[dispatch] Skipping Forecast Accuracy: cellrank2 does not support unseen-timepoint projection (consistent with scTimeBench treatment of OT methods).
[dispatch] Skipping Embedding Coherence: cellrank2 does not support unseen-timepoint projection (consistent with scTimeBench treatment of OT methods).

[dispatch] Run complete for cellrank2 / B.

real	3m30.522s
user	116m56.263s
sys	0m51.448s
============================================================
Job finished at: 2026年  4月 22日 水曜日 21:52:08 JST
============================================================
